{"@timestamp":"2026-05-02T13:56:04.90514Z","level":"INFO","logger_name":"org.strongcat.LogsGeneratorServiceApplication","thread_name":"main","message":"Starting LogsGeneratorServiceApplication using Java 21.0.6 with PID 6236 (D:\\Sber\\LogsAnalizer\\logs-generator-service\\build\\classes\\java\\main started by ihrus in D:\\Sber\\LogsAnalizer)","service":"logs-generator-service"}
{"@timestamp":"2026-05-02T13:56:05.5812383Z","level":"INFO","logger_name":"org.strongcat.LogsGeneratorServiceApplication","thread_name":"main","message":"The following 1 profile is active: \"kafka\"","service":"logs-generator-service"}
{"@timestamp":"2026-05-02T13:56:06.2642563Z","level":"INFO","logger_name":"org.strongcat.LogsGeneratorServiceApplication","thread_name":"main","message":"Started LogsGeneratorServiceApplication in 2.328 seconds (process running for 3.338)","service":"logs-generator-service"}
{"@timestamp":"2026-05-02T13:56:11.2618412Z","level":"WARN","logger_name":"org.strongcat.service.LogGeneratorService","thread_name":"scheduling-1","message":"Cache cleared","id":"3c3e8f8e-5d7f-4752-8264-057d05215f46","traceId":"651e30bd","service":"logs-generator-service"}
{"@timestamp":"2026-05-02T13:56:21.2662136Z","level":"WARN","logger_name":"org.strongcat.service.LogGeneratorService","thread_name":"scheduling-1","message":"File uploaded to Minio","id":"f8fde73b-fefd-44fd-b141-a47497b596d2","traceId":"10ab50a2","service":"logs-generator-service"}
{"@timestamp":"2026-05-03T13:53:06.0500896Z","level":"INFO","logger_name":"org.strongcat.LogsGeneratorServiceApplication","thread_name":"main","message":"Starting LogsGeneratorServiceApplication using Java 21.0.6 with PID 5768 (D:\\Sber\\LogsAnalizer\\logs-generator-service\\build\\classes\\java\\main started by ihrus in D:\\Sber\\LogsAnalizer)","service":"logs-generator-service"}
{"@timestamp":"2026-05-03T13:53:07.6254336Z","level":"INFO","logger_name":"org.strongcat.LogsGeneratorServiceApplication","thread_name":"main","message":"The following 1 profile is active: \"kafka\"","service":"logs-generator-service"}
{"@timestamp":"2026-05-03T13:53:08.6268456Z","level":"INFO","logger_name":"org.strongcat.LogsGeneratorServiceApplication","thread_name":"main","message":"Started LogsGeneratorServiceApplication in 4.518 seconds (process running for 5.877)","service":"logs-generator-service"}
{"@timestamp":"2026-05-03T13:53:08.6532841Z","level":"ERROR","logger_name":"org.strongcat.service.LogGeneratorService","thread_name":"scheduling-1","message":"File uploaded to Minio","id":"064fddda-e35c-4437-ac8e-35a293253437","traceId":"6cb9f31c","service":"logs-generator-service"}
{"@timestamp":"2026-05-03T13:53:13.6285263Z","level":"WARN","logger_name":"org.strongcat.service.LogGeneratorService","thread_name":"scheduling-1","message":"Database connection timeout","id":"e4f48e1d-41d8-4f83-8c17-6f9cbcc91cd6","traceId":"e25988b0","service":"logs-generator-service"}
{"@timestamp":"2026-05-03T13:53:38.6263124Z","level":"ERROR","logger_name":"org.strongcat.service.LogGeneratorService","thread_name":"scheduling-1","message":"User logged in","id":"f5e10847-d83c-432c-8d79-56b849685a3b","traceId":"5a99f87e","service":"logs-generator-service"}
{"@timestamp":"2026-05-03T13:53:43.6325164Z","level":"INFO","logger_name":"org.strongcat.service.LogGeneratorService","thread_name":"scheduling-1","message":"Cache cleared","id":"3c6a0b2c-e4ef-4d0e-b650-12ab38426fdd","traceId":"001cef62","service":"logs-generator-service"}
{"@timestamp":"2026-05-03T13:53:58.6382506Z","level":"WARN","logger_name":"org.strongcat.service.LogGeneratorService","thread_name":"scheduling-1","message":"Cache cleared","id":"7ce6aa4e-0d60-4beb-9369-ca3098cffd05","traceId":"52447540","service":"logs-generator-service"}
{"@timestamp":"2026-05-03T13:54:03.6317247Z","level":"INFO","logger_name":"org.strongcat.service.LogGeneratorService","thread_name":"scheduling-1","message":"Payment failed: insufficient funds","id":"e911342e-0cbf-4291-9bc3-cd06b49e6f82","traceId":"dc510a9b","service":"logs-generator-service"}
{"@timestamp":"2026-05-03T13:54:13.6281021Z","level":"ERROR","logger_name":"org.strongcat.service.LogGeneratorService","thread_name":"scheduling-1","message":"Payment failed: insufficient funds","id":"0ba34076-7858-4026-9743-f5bf15851fc8","traceId":"4b9c5181","service":"logs-generator-service"}
{"@timestamp":"2026-05-03T13:54:18.6272607Z","level":"INFO","logger_name":"org.strongcat.service.LogGeneratorService","thread_name":"scheduling-1","message":"Database connection timeout","id":"e2b5a7aa-d449-46a7-84da-629bd2044323","traceId":"3585321a","service":"logs-generator-service"}
{"@timestamp":"2026-05-03T13:54:23.6333627Z","level":"INFO","logger_name":"org.strongcat.service.LogGeneratorService","thread_name":"scheduling-1","message":"Cache cleared","id":"4d188d69-e3ff-4f7d-9a16-5984474dd7b7","traceId":"e4a43d0a","service":"logs-generator-service"}
{"@timestamp":"2026-05-03T13:54:28.6289081Z","level":"WARN","logger_name":"org.strongcat.service.LogGeneratorService","thread_name":"scheduling-1","message":"Order processed successfully","id":"873178d8-57b0-4c54-b63f-5e0d6f6022ff","traceId":"602e4403","service":"logs-generator-service"}
{"@timestamp":"2026-05-03T15:17:43.5696576Z","level":"INFO","logger_name":"org.strongcat.LogsGeneratorServiceApplication","thread_name":"main","message":"Starting LogsGeneratorServiceApplication using Java 21.0.6 with PID 7880 (D:\\Sber\\LogsAnalizer\\logs-generator-service\\build\\classes\\java\\main started by ihrus in D:\\Sber\\LogsAnalizer)","service":"logs-generator-service"}
{"@timestamp":"2026-05-03T15:17:44.8307734Z","level":"INFO","logger_name":"org.strongcat.LogsGeneratorServiceApplication","thread_name":"main","message":"The following 1 profile is active: \"kafka\"","service":"logs-generator-service"}
{"@timestamp":"2026-05-03T15:17:46.2193309Z","level":"INFO","logger_name":"org.strongcat.LogsGeneratorServiceApplication","thread_name":"main","message":"Started LogsGeneratorServiceApplication in 4.527 seconds (process running for 6.825)","service":"logs-generator-service"}
{"@timestamp":"2026-05-03T15:17:46.2483867Z","level":"ERROR","logger_name":"org.strongcat.service.LogGeneratorService","thread_name":"scheduling-1","message":"Order processed successfully","id":"91757cce-1615-4eaf-8496-c30501b9f3f2","traceId":"239e071a","service":"logs-generator-service"}
{"@timestamp":"2026-05-03T15:17:51.2378957Z","level":"ERROR","logger_name":"org.strongcat.service.LogGeneratorService","thread_name":"scheduling-1","message":"User logged in","id":"f94c6fa3-c127-42bc-a5d9-0956fc1e04a7","traceId":"2d8a7aa9","service":"logs-generator-service"}
{"@timestamp":"2026-05-03T15:17:56.2352455Z","level":"WARN","logger_name":"org.strongcat.service.LogGeneratorService","thread_name":"scheduling-1","message":"User logged in","id":"05e6f603-3bc0-4cdb-9014-378cdaa6f1ea","traceId":"32a7ab40","service":"logs-generator-service"}
{"@timestamp":"2026-05-03T15:18:01.2320098Z","level":"INFO","logger_name":"org.strongcat.service.LogGeneratorService","thread_name":"scheduling-1","message":"Cache cleared","id":"c0ef05dd-aea3-452a-921e-b2799a2d633c","traceId":"253046fa","service":"logs-generator-service"}
{"@timestamp":"2026-05-03T15:18:46.6220997Z","level":"INFO","logger_name":"org.strongcat.LogsGeneratorServiceApplication","thread_name":"main","message":"Starting LogsGeneratorServiceApplication using Java 21.0.6 with PID 11884 (D:\\Sber\\LogsAnalizer\\logs-generator-service\\build\\classes\\java\\main started by ihrus in D:\\Sber\\LogsAnalizer)","service":"logs-generator-service"}
{"@timestamp":"2026-05-03T15:18:47.8437536Z","level":"INFO","logger_name":"org.strongcat.LogsGeneratorServiceApplication","thread_name":"main","message":"The following 1 profile is active: \"kafka\"","service":"logs-generator-service"}
{"@timestamp":"2026-05-03T15:18:48.9126654Z","level":"INFO","logger_name":"org.strongcat.LogsGeneratorServiceApplication","thread_name":"main","message":"Started LogsGeneratorServiceApplication in 4.35 seconds (process running for 5.677)","service":"logs-generator-service"}
{"@timestamp":"2026-05-03T15:18:48.9351616Z","level":"INFO","logger_name":"org.strongcat.service.LogGeneratorService","thread_name":"scheduling-1","message":"Order processed successfully","id":"39b8da5b-628d-40fd-8a6e-e1931be64b40","traceId":"b8b995bc","service":"logs-generator-service"}
{"@timestamp":"2026-05-03T15:18:58.9180905Z","level":"ERROR","logger_name":"org.strongcat.service.LogGeneratorService","thread_name":"scheduling-1","message":"Cache cleared","id":"3e0e5fbb-00a8-4998-999d-e563a04a8572","traceId":"dd4ae457","service":"logs-generator-service"}
{"@timestamp":"2026-05-03T15:22:17.0840018Z","level":"INFO","logger_name":"org.strongcat.LogsGeneratorServiceApplication","thread_name":"main","message":"Starting LogsGeneratorServiceApplication using Java 21.0.6 with PID 17252 (D:\\Sber\\LogsAnalizer\\logs-generator-service\\build\\classes\\java\\main started by ihrus in D:\\Sber\\LogsAnalizer)","service":"logs-generator-service"}
{"@timestamp":"2026-05-03T15:22:18.3046469Z","level":"INFO","logger_name":"org.strongcat.LogsGeneratorServiceApplication","thread_name":"main","message":"The following 1 profile is active: \"kafka\"","service":"logs-generator-service"}
{"@timestamp":"2026-05-03T15:22:19.4035531Z","level":"INFO","logger_name":"org.strongcat.LogsGeneratorServiceApplication","thread_name":"main","message":"Started LogsGeneratorServiceApplication in 4.557 seconds (process running for 5.845)","service":"logs-generator-service"}
{"@timestamp":"2026-05-03T15:22:19.4265451Z","level":"WARN","logger_name":"org.strongcat.service.LogGeneratorService","thread_name":"scheduling-1","message":"Cache cleared","id":"fb56b274-2996-4a49-a6e4-5105e554f2a5","traceId":"d9fa6fba","service":"logs-generator-service"}
{"@timestamp":"2026-05-03T15:22:24.4115507Z","level":"WARN","logger_name":"org.strongcat.service.LogGeneratorService","thread_name":"scheduling-1","message":"Database connection timeout","id":"1d256e9b-27dd-4bd8-a65c-2997e7da25db","traceId":"50d84737","service":"logs-generator-service"}
{"@timestamp":"2026-05-03T15:22:29.4009126Z","level":"ERROR","logger_name":"org.strongcat.service.LogGeneratorService","thread_name":"scheduling-1","message":"Cache cleared","id":"a075b3a1-5672-4717-9f28-be6cd1e9a14b","traceId":"bf4cb9f8","service":"logs-generator-service"}
{"@timestamp":"2026-05-03T15:22:34.4007549Z","level":"WARN","logger_name":"org.strongcat.service.LogGeneratorService","thread_name":"scheduling-1","message":"Payment failed: insufficient funds","id":"7f48e290-79c0-43a0-bc61-0656cb58bde6","traceId":"a2756d95","service":"logs-generator-service"}
{"@timestamp":"2026-05-03T15:24:58.4708285Z","level":"INFO","logger_name":"org.strongcat.LogsGeneratorServiceApplication","thread_name":"main","message":"Starting LogsGeneratorServiceApplication using Java 21.0.6 with PID 20784 (D:\\Sber\\LogsAnalizer\\logs-generator-service\\build\\classes\\java\\main started by ihrus in D:\\Sber\\LogsAnalizer)","service":"logs-generator-service"}
{"@timestamp":"2026-05-03T15:24:59.8411419Z","level":"INFO","logger_name":"org.strongcat.LogsGeneratorServiceApplication","thread_name":"main","message":"The following 1 profile is active: \"kafka\"","service":"logs-generator-service"}
{"@timestamp":"2026-05-03T15:25:00.8370031Z","level":"INFO","logger_name":"org.strongcat.LogsGeneratorServiceApplication","thread_name":"main","message":"Started LogsGeneratorServiceApplication in 3.889 seconds (process running for 6.009)","service":"logs-generator-service"}
{"@timestamp":"2026-05-03T15:25:00.8527422Z","level":"ERROR","logger_name":"org.strongcat.service.LogGeneratorService","thread_name":"scheduling-1","message":"User logged in","id":"1d6b94b1-08cf-4ebd-875c-cfee0fb57c94","traceId":"4c5cf299","service":"logs-generator-service"}
{"@timestamp":"2026-05-03T15:33:20.5129961Z","level":"INFO","logger_name":"org.strongcat.LogsGeneratorServiceApplication","thread_name":"main","message":"Starting LogsGeneratorServiceApplication using Java 21.0.6 with PID 18652 (D:\\Sber\\LogsAnalizer\\logs-generator-service\\build\\classes\\java\\main started by ihrus in D:\\Sber\\LogsAnalizer)","service":"logs-generator-service"}
{"@timestamp":"2026-05-03T15:33:21.5986378Z","level":"INFO","logger_name":"org.strongcat.LogsGeneratorServiceApplication","thread_name":"main","message":"The following 1 profile is active: \"kafka\"","service":"logs-generator-service"}
{"@timestamp":"2026-05-03T15:33:22.5726085Z","level":"INFO","logger_name":"org.strongcat.LogsGeneratorServiceApplication","thread_name":"main","message":"Started LogsGeneratorServiceApplication in 3.603 seconds (process running for 4.869)","service":"logs-generator-service"}
{"@timestamp":"2026-05-03T15:33:22.5936069Z","level":"ERROR","logger_name":"org.strongcat.service.LogGeneratorService","thread_name":"scheduling-1","message":"Database connection timeout","id":"1d3e6a9b-c7dd-42a4-975a-2007120b1b32","traceId":"9ad70c96","service":"logs-generator-service"}
{"@timestamp":"2026-05-03T15:33:32.5832243Z","level":"WARN","logger_name":"org.strongcat.service.LogGeneratorService","thread_name":"scheduling-1","message":"User logged in","id":"140b2df8-e53f-46bd-9799-0aa4acfc1b1b","traceId":"b43661cf","service":"logs-generator-service"}
{"@timestamp":"2026-05-03T15:34:00.8396739Z","level":"INFO","logger_name":"org.strongcat.LogsGeneratorServiceApplication","thread_name":"main","message":"Starting LogsGeneratorServiceApplication using Java 21.0.6 with PID 14008 (D:\\Sber\\LogsAnalizer\\logs-generator-service\\build\\classes\\java\\main started by ihrus in D:\\Sber\\LogsAnalizer)","service":"logs-generator-service"}
{"@timestamp":"2026-05-03T15:34:01.9140038Z","level":"INFO","logger_name":"org.strongcat.LogsGeneratorServiceApplication","thread_name":"main","message":"The following 1 profile is active: \"kafka\"","service":"logs-generator-service"}
{"@timestamp":"2026-05-03T15:34:02.8357422Z","level":"INFO","logger_name":"org.strongcat.LogsGeneratorServiceApplication","thread_name":"main","message":"Started LogsGeneratorServiceApplication in 3.504 seconds (process running for 4.823)","service":"logs-generator-service"}
{"@timestamp":"2026-05-03T15:34:07.8352852Z","level":"ERROR","logger_name":"org.strongcat.service.LogGeneratorService","thread_name":"scheduling-1","message":"Cache cleared","id":"a4ffe15f-d460-4872-a4dd-8d2351911d47","traceId":"4d4ee3a3","service":"logs-generator-service"}
{"@timestamp":"2026-05-03T15:34:12.8366655Z","level":"INFO","logger_name":"org.strongcat.service.LogGeneratorService","thread_name":"scheduling-1","message":"File uploaded to Minio","id":"3cc6c8f5-aae6-4110-8111-e2ec2fa05f2c","traceId":"9a4f0bd0","service":"logs-generator-service"}
{"@timestamp":"2026-05-03T15:34:17.8365907Z","level":"ERROR","logger_name":"org.strongcat.service.LogGeneratorService","thread_name":"scheduling-1","message":"Cache cleared","id":"7ef90da6-cc39-4b66-8f0c-a14937c80778","traceId":"b85792e0","service":"logs-generator-service"}
{"@timestamp":"2026-05-03T15:34:22.8370018Z","level":"ERROR","logger_name":"org.strongcat.service.LogGeneratorService","thread_name":"scheduling-1","message":"Payment failed: insufficient funds","id":"94c2092b-8dab-4b1d-947d-253954cd1e3d","traceId":"b7f85dfe","service":"logs-generator-service"}
{"@timestamp":"2026-05-03T16:37:39.6057503Z","level":"INFO","logger_name":"org.strongcat.LogsGeneratorServiceApplication","thread_name":"main","message":"Starting LogsGeneratorServiceApplication using Java 21.0.6 with PID 13592 (D:\\Sber\\LogsAnalizer\\logs-generator-service\\build\\classes\\java\\main started by ihrus in D:\\Sber\\LogsAnalizer)","service":"logs-generator-service"}
{"@timestamp":"2026-05-03T16:37:41.227325Z","level":"INFO","logger_name":"org.strongcat.LogsGeneratorServiceApplication","thread_name":"main","message":"The following 1 profile is active: \"kafka\"","service":"logs-generator-service"}
{"@timestamp":"2026-05-03T16:37:42.762233Z","level":"INFO","logger_name":"org.strongcat.LogsGeneratorServiceApplication","thread_name":"main","message":"Started LogsGeneratorServiceApplication in 5.293 seconds (process running for 6.615)","service":"logs-generator-service"}
{"@timestamp":"2026-05-03T16:37:42.7867685Z","level":"INFO","logger_name":"org.strongcat.service.LogGeneratorService","thread_name":"scheduling-1","message":"Cache cleared","id":"e4ffe10e-7c82-4057-8458-98c21de3755c","traceId":"14cc764b","service":"logs-generator-service"}
{"@timestamp":"2026-05-03T16:37:47.7672204Z","level":"INFO","logger_name":"org.strongcat.service.LogGeneratorService","thread_name":"scheduling-1","message":"Order processed successfully","id":"e31ffe4d-1097-48b2-ba1f-dbd0648e7b5a","traceId":"3318227a","service":"logs-generator-service"}
{"@timestamp":"2026-05-03T16:37:52.7720003Z","level":"ERROR","logger_name":"org.strongcat.service.LogGeneratorService","thread_name":"scheduling-1","message":"User logged in","id":"bd0031e9-0ad3-4448-b6e0-c36826decc63","traceId":"123cc729","service":"logs-generator-service"}
{"@timestamp":"2026-05-03T16:37:57.7688967Z","level":"INFO","logger_name":"org.strongcat.service.LogGeneratorService","thread_name":"scheduling-1","message":"Order processed successfully","id":"8580f270-1028-4dd2-a9b7-5d2c7856de93","traceId":"164cd53c","service":"logs-generator-service"}
{"@timestamp":"2026-05-03T16:38:02.7696815Z","level":"ERROR","logger_name":"org.strongcat.service.LogGeneratorService","thread_name":"scheduling-1","message":"Order processed successfully","id":"182721a2-51e7-4583-8b00-8c74a0355466","traceId":"dc81d25c","service":"logs-generator-service"}
{"@timestamp":"2026-05-03T17:12:57.2819552Z","level":"INFO","logger_name":"org.strongcat.LogsGeneratorServiceApplication","thread_name":"main","message":"Starting LogsGeneratorServiceApplication using Java 21.0.6 with PID 10368 (D:\\Sber\\LogsAnalizer\\logs-generator-service\\build\\classes\\java\\main started by ihrus in D:\\Sber\\LogsAnalizer)","service":"logs-generator-service"}
{"@timestamp":"2026-05-03T17:12:57.9578745Z","level":"INFO","logger_name":"org.strongcat.LogsGeneratorServiceApplication","thread_name":"main","message":"The following 1 profile is active: \"kafka\"","service":"logs-generator-service"}
{"@timestamp":"2026-05-03T17:12:58.5610317Z","level":"INFO","logger_name":"org.strongcat.LogsGeneratorServiceApplication","thread_name":"main","message":"Started LogsGeneratorServiceApplication in 2.267 seconds (process running for 3.308)","service":"logs-generator-service"}
{"@timestamp":"2026-05-03T17:12:58.5770272Z","level":"WARN","logger_name":"org.strongcat.service.LogGeneratorService","thread_name":"scheduling-1","message":"Payment failed: insufficient funds","id":"7195c6c5-1453-4d4f-b55e-83a147bc2a7f","traceId":"032310be","service":"logs-generator-service"}
{"@timestamp":"2026-05-03T17:13:03.5729929Z","level":"INFO","logger_name":"org.strongcat.service.LogGeneratorService","thread_name":"scheduling-1","message":"Cache cleared","id":"7f88540d-0bf0-4f10-a349-136b4f590cf0","traceId":"85eda881","service":"logs-generator-service"}
{"@timestamp":"2026-05-03T17:26:07.9195939Z","level":"INFO","logger_name":"org.strongcat.LogsGeneratorServiceApplication","thread_name":"main","message":"Starting LogsGeneratorServiceApplication using Java 21.0.6 with PID 1364 (D:\\Sber\\LogsAnalizer\\logs-generator-service\\build\\classes\\java\\main started by ihrus in D:\\Sber\\LogsAnalizer)","service":"logs-generator-service"}
{"@timestamp":"2026-05-03T17:26:08.6014323Z","level":"INFO","logger_name":"org.strongcat.LogsGeneratorServiceApplication","thread_name":"main","message":"The following 1 profile is active: \"kafka\"","service":"logs-generator-service"}
{"@timestamp":"2026-05-03T17:26:09.2674287Z","level":"INFO","logger_name":"org.strongcat.LogsGeneratorServiceApplication","thread_name":"main","message":"Started LogsGeneratorServiceApplication in 2.292 seconds (process running for 3.173)","service":"logs-generator-service"}
{"@timestamp":"2026-05-03T17:26:24.2730198Z","level":"WARN","logger_name":"org.strongcat.service.LogGeneratorService","thread_name":"scheduling-1","message":"Order processed successfully","id":"060fd5db-feef-4224-827e-bdb55727e40d","traceId":"deac4492","service":"logs-generator-service"}
{"@timestamp":"2026-05-03T17:27:38.1767561Z","level":"INFO","logger_name":"org.strongcat.LogsGeneratorServiceApplication","thread_name":"main","message":"Starting LogsGeneratorServiceApplication using Java 21.0.6 with PID 20816 (D:\\Sber\\LogsAnalizer\\logs-generator-service\\build\\classes\\java\\main started by ihrus in D:\\Sber\\LogsAnalizer)","service":"logs-generator-service"}
{"@timestamp":"2026-05-03T17:27:38.9256893Z","level":"INFO","logger_name":"org.strongcat.LogsGeneratorServiceApplication","thread_name":"main","message":"The following 1 profile is active: \"kafka\"","service":"logs-generator-service"}
{"@timestamp":"2026-05-03T17:27:39.6132061Z","level":"INFO","logger_name":"org.strongcat.LogsGeneratorServiceApplication","thread_name":"main","message":"Started LogsGeneratorServiceApplication in 2.417 seconds (process running for 3.253)","service":"logs-generator-service"}
{"@timestamp":"2026-05-03T17:27:39.628196Z","level":"WARN","logger_name":"org.strongcat.service.LogGeneratorService","thread_name":"scheduling-1","message":"User logged in","id":"f3521f78-7d61-4a8f-a387-db2fc6f9bf54","traceId":"aa365849","service":"logs-generator-service"}
{"@timestamp":"2026-05-03T17:27:44.6221462Z","level":"WARN","logger_name":"org.strongcat.service.LogGeneratorService","thread_name":"scheduling-1","message":"Payment failed: insufficient funds","id":"5f3d265e-18e8-4779-817b-772d673f9224","traceId":"1235ec23","service":"logs-generator-service"}
{"@timestamp":"2026-05-03T17:33:14.6617712Z","level":"INFO","logger_name":"org.strongcat.LogsGeneratorServiceApplication","thread_name":"main","message":"Starting LogsGeneratorServiceApplication using Java 21.0.6 with PID 18276 (D:\\Sber\\LogsAnalizer\\logs-generator-service\\build\\classes\\java\\main started by ihrus in D:\\Sber\\LogsAnalizer)","service":"logs-generator-service"}
{"@timestamp":"2026-05-03T17:33:15.40374Z","level":"INFO","logger_name":"org.strongcat.LogsGeneratorServiceApplication","thread_name":"main","message":"The following 1 profile is active: \"kafka\"","service":"logs-generator-service"}
{"@timestamp":"2026-05-03T17:33:16.0607654Z","level":"INFO","logger_name":"org.strongcat.LogsGeneratorServiceApplication","thread_name":"main","message":"Started LogsGeneratorServiceApplication in 2.381 seconds (process running for 3.234)","service":"logs-generator-service"}
{"@timestamp":"2026-05-03T17:37:51.0648861Z","level":"INFO","logger_name":"org.strongcat.LogsGeneratorServiceApplication","thread_name":"main","message":"Starting LogsGeneratorServiceApplication using Java 21.0.6 with PID 6680 (D:\\Sber\\LogsAnalizer\\logs-generator-service\\build\\classes\\java\\main started by ihrus in D:\\Sber\\LogsAnalizer)","service":"logs-generator-service"}
{"@timestamp":"2026-05-03T17:37:51.8162621Z","level":"INFO","logger_name":"org.strongcat.LogsGeneratorServiceApplication","thread_name":"main","message":"The following 1 profile is active: \"kafka\"","service":"logs-generator-service"}
{"@timestamp":"2026-05-03T17:37:52.7625287Z","level":"INFO","logger_name":"org.strongcat.LogsGeneratorServiceApplication","thread_name":"main","message":"Started LogsGeneratorServiceApplication in 2.956 seconds (process running for 3.901)","service":"logs-generator-service"}
{"@timestamp":"2026-05-03T17:49:31.270866Z","level":"INFO","logger_name":"org.strongcat.LogsGeneratorServiceApplication","thread_name":"main","message":"Starting LogsGeneratorServiceApplication using Java 21.0.6 with PID 21180 (D:\\Sber\\LogsAnalizer\\logs-generator-service\\build\\classes\\java\\main started by ihrus in D:\\Sber\\LogsAnalizer)","service":"logs-generator-service"}
{"@timestamp":"2026-05-03T17:49:31.9680856Z","level":"INFO","logger_name":"org.strongcat.LogsGeneratorServiceApplication","thread_name":"main","message":"The following 1 profile is active: \"kafka\"","service":"logs-generator-service"}
{"@timestamp":"2026-05-03T17:49:32.9231993Z","level":"INFO","logger_name":"org.strongcat.LogsGeneratorServiceApplication","thread_name":"main","message":"Started LogsGeneratorServiceApplication in 2.644 seconds (process running for 3.605)","service":"logs-generator-service"}
{"@timestamp":"2026-05-03T17:49:32.9442956Z","level":"INFO","logger_name":"org.strongcat.service.LogGeneratorService","thread_name":"scheduling-1","message":"Payment failed: insufficient funds","id":"9dee304e-e629-4664-a1d4-f83414b39785","traceId":"0d3d0361","service":"logs-generator-service"}
{"@timestamp":"2026-05-03T17:49:42.9251508Z","level":"ERROR","logger_name":"org.strongcat.service.LogGeneratorService","thread_name":"scheduling-1","message":"Database connection timeout","id":"96441e50-e9ad-454e-a393-fbd92233cd5a","traceId":"e7f92866","service":"logs-generator-service"}
{"@timestamp":"2026-05-03T17:49:47.922226Z","level":"INFO","logger_name":"org.strongcat.service.LogGeneratorService","thread_name":"scheduling-1","message":"User logged in","id":"35aa0868-fe8f-48af-8291-953a7e57af22","traceId":"cc9dc56f","service":"logs-generator-service"}
{"@timestamp":"2026-05-03T17:49:52.9277738Z","level":"INFO","logger_name":"org.strongcat.service.LogGeneratorService","thread_name":"scheduling-1","message":"Payment failed: insufficient funds","id":"ec56598b-3eaa-4b63-ae19-bc8572d4883f","traceId":"cc4eea46","service":"logs-generator-service"}
{"@timestamp":"2026-05-03T17:49:57.9191925Z","level":"INFO","logger_name":"org.strongcat.service.LogGeneratorService","thread_name":"scheduling-1","message":"Payment failed: insufficient funds","id":"3295e193-73cc-4b4a-8c44-18ad0fc7b086","traceId":"3abb5356","service":"logs-generator-service"}
{"@timestamp":"2026-05-03T18:05:25.3458723Z","level":"INFO","logger_name":"org.strongcat.LogsGeneratorServiceApplication","thread_name":"main","message":"Starting LogsGeneratorServiceApplication using Java 21.0.6 with PID 15004 (D:\\Sber\\LogsAnalizer\\logs-generator-service\\build\\classes\\java\\main started by ihrus in D:\\Sber\\LogsAnalizer)","service":"logs-generator-service"}
{"@timestamp":"2026-05-03T18:05:26.0314385Z","level":"INFO","logger_name":"org.strongcat.LogsGeneratorServiceApplication","thread_name":"main","message":"The following 1 profile is active: \"kafka\"","service":"logs-generator-service"}
{"@timestamp":"2026-05-03T18:05:26.7764917Z","level":"INFO","logger_name":"org.strongcat.LogsGeneratorServiceApplication","thread_name":"main","message":"Started LogsGeneratorServiceApplication in 2.382 seconds (process running for 3.626)","service":"logs-generator-service"}
{"@timestamp":"2026-05-03T18:05:26.7924883Z","level":"INFO","logger_name":"org.strongcat.service.LogGeneratorService","thread_name":"scheduling-1","message":"User logged in","id":"498240dc-9303-4738-83a4-8bbdeefbb2ff","traceId":"71dd2165","service":"logs-generator-service"}
{"@timestamp":"2026-05-03T18:06:20.1418525Z","level":"INFO","logger_name":"org.strongcat.LogsGeneratorServiceApplication","thread_name":"main","message":"Starting LogsGeneratorServiceApplication using Java 21.0.6 with PID 19368 (D:\\Sber\\LogsAnalizer\\logs-generator-service\\build\\classes\\java\\main started by ihrus in D:\\Sber\\LogsAnalizer)","service":"logs-generator-service"}
{"@timestamp":"2026-05-03T18:06:20.8836221Z","level":"INFO","logger_name":"org.strongcat.LogsGeneratorServiceApplication","thread_name":"main","message":"The following 1 profile is active: \"kafka\"","service":"logs-generator-service"}
{"@timestamp":"2026-05-03T18:06:21.5550533Z","level":"INFO","logger_name":"org.strongcat.LogsGeneratorServiceApplication","thread_name":"main","message":"Started LogsGeneratorServiceApplication in 2.527 seconds (process running for 3.582)","service":"logs-generator-service"}
{"@timestamp":"2026-05-03T18:06:26.5681112Z","level":"ERROR","logger_name":"org.strongcat.service.LogGeneratorService","thread_name":"scheduling-1","message":"Database connection timeout","id":"fae71896-bd26-4b11-bdb0-0c99ec583cc0","traceId":"b98f3bdb","service":"logs-generator-service"}
{"@timestamp":"2026-05-03T18:06:31.5614746Z","level":"ERROR","logger_name":"org.strongcat.service.LogGeneratorService","thread_name":"scheduling-1","message":"Payment failed: insufficient funds","id":"7de3442f-13c6-46c5-a997-9f17e05e405a","traceId":"acd4080e","service":"logs-generator-service"}
{"@timestamp":"2026-05-03T18:06:36.5608171Z","level":"WARN","logger_name":"org.strongcat.service.LogGeneratorService","thread_name":"scheduling-1","message":"Payment failed: insufficient funds","id":"9b0a34ea-3f46-4b8e-a2fc-3d32433298e2","traceId":"3b06acf5","service":"logs-generator-service"}
